12/16/2015 08:11:45 AM DEBUG:C:\\Users\\spowell\\AppData\\Roaming\\ESRI\Desktop10.3\\ArcCatalog\\powellcattle.com.sde
12/16/2015 08:11:54 AM INFO:Connecting to ftp.bisenterprises.com
12/16/2015 08:11:55 AM INFO:Downloading Wharton.zip from FTP site
12/16/2015 08:12:34 AM INFO:unzip Wharton.zip
